#-----------------------------------------------------------
# Vivado v2022.2 (64-bit)
# SW Build 3671981 on Fri Oct 14 05:00:03 MDT 2022
# IP Build 3669848 on Fri Oct 14 08:30:02 MDT 2022
# Start of session at: Thu Jun  1 20:04:28 2023
# Process ID: 12524
# Current directory: C:/Users/alanm/Documents/GitHub/ArquitecturaDeComputadoras/Vivado/DiseñoALU/DiseñoALU.sim/sim_1/behav/xsim
# Command line: vivado.exe -gui_launcher_event rodinguilauncherevent16460 C:\Users\alanm\Documents\GitHub\ArquitecturaDeComputadoras\Vivado\DiseñoALU\DiseñoALU.sim\sim_1\behav\xsim\ALU_tb_behav.wdb
# Log file: C:/Users/alanm/Documents/GitHub/ArquitecturaDeComputadoras/Vivado/DiseñoALU/DiseñoALU.sim/sim_1/behav/xsim/vivado.log
# Journal file: C:/Users/alanm/Documents/GitHub/ArquitecturaDeComputadoras/Vivado/DiseñoALU/DiseñoALU.sim/sim_1/behav/xsim\vivado.jou
# Running On: LAPTOP-IGR6C2L1, OS: Windows, CPU Frequency: 3294 MHz, CPU Physical cores: 12, Host memory: 16487 MB
#-----------------------------------------------------------
start_gui
open_wave_database {C:\Users\alanm\Documents\GitHub\ArquitecturaDeComputadoras\Vivado\DiseñoALU\DiseñoALU.sim\sim_1\behav\xsim\ALU_tb_behav.wdb}cclose_sim
